  Determining projects to restore...
  All projects are up-to-date for restore.
E:\STUDY\CSW306 - Back End\AcademicAppoinment\Models\AppDbContext.cs(2,7): warning CS0105: The using directive for 'Microsoft.EntityFrameworkCore' appeared previously in this namespace [E:\STUDY\CSW306 - Back End\AcademicAppoinment\AcademicAppoinment.csproj]
E:\STUDY\CSW306 - Back End\AcademicAppoinment\DTOs\RegisterRequest.cs(13,23): warning CS8618: Non-nullable property 'AccountName' must contain a non-null value when exiting constructor. Consider adding the 'required' modifier or declaring the property as nullable. [E:\STUDY\CSW306 - Back End\AcademicAppoinment\AcademicAppoinment.csproj]
E:\STUDY\CSW306 - Back End\AcademicAppoinment\DTOs\RegisterRequest.cs(17,23): warning CS8618: Non-nullable property 'Password' must contain a non-null value when exiting constructor. Consider adding the 'required' modifier or declaring the property as nullable. [E:\STUDY\CSW306 - Back End\AcademicAppoinment\AcademicAppoinment.csproj]
E:\STUDY\CSW306 - Back End\AcademicAppoinment\DTOs\RegisterRequest.cs(21,23): warning CS8618: Non-nullable property 'Email' must contain a non-null value when exiting constructor. Consider adding the 'required' modifier or declaring the property as nullable. [E:\STUDY\CSW306 - Back End\AcademicAppoinment\AcademicAppoinment.csproj]
E:\STUDY\CSW306 - Back End\AcademicAppoinment\DTOs\RegisterRequest.cs(23,23): warning CS8618: Non-nullable property 'FullName' must contain a non-null value when exiting constructor. Consider adding the 'required' modifier or declaring the property as nullable. [E:\STUDY\CSW306 - Back End\AcademicAppoinment\AcademicAppoinment.csproj]
E:\STUDY\CSW306 - Back End\AcademicAppoinment\DTOs\LoginRequest.cs(5,23): warning CS8618: Non-nullable property 'AccountName' must contain a non-null value when exiting constructor. Consider adding the 'required' modifier or declaring the property as nullable. [E:\STUDY\CSW306 - Back End\AcademicAppoinment\AcademicAppoinment.csproj]
E:\STUDY\CSW306 - Back End\AcademicAppoinment\DTOs\LoginRequest.cs(6,23): warning CS8618: Non-nullable property 'Password' must contain a non-null value when exiting constructor. Consider adding the 'required' modifier or declaring the property as nullable. [E:\STUDY\CSW306 - Back End\AcademicAppoinment\AcademicAppoinment.csproj]
E:\STUDY\CSW306 - Back End\AcademicAppoinment\DTOs\AppointmentDetailResponse.cs.cs(6,23): warning CS8618: Non-nullable property 'Topic' must contain a non-null value when exiting constructor. Consider adding the 'required' modifier or declaring the property as nullable. [E:\STUDY\CSW306 - Back End\AcademicAppoinment\AcademicAppoinment.csproj]
E:\STUDY\CSW306 - Back End\AcademicAppoinment\DTOs\AppointmentDetailResponse.cs.cs(8,23): warning CS8618: Non-nullable property 'Status' must contain a non-null value when exiting constructor. Consider adding the 'required' modifier or declaring the property as nullable. [E:\STUDY\CSW306 - Back End\AcademicAppoinment\AcademicAppoinment.csproj]
E:\STUDY\CSW306 - Back End\AcademicAppoinment\DTOs\AppointmentDetailResponse.cs.cs(14,32): warning CS8618: Non-nullable property 'Student' must contain a non-null value when exiting constructor. Consider adding the 'required' modifier or declaring the property as nullable. [E:\STUDY\CSW306 - Back End\AcademicAppoinment\AcademicAppoinment.csproj]
E:\STUDY\CSW306 - Back End\AcademicAppoinment\DTOs\AppointmentDetailResponse.cs.cs(15,36): warning CS8618: Non-nullable property 'Lecturer' must contain a non-null value when exiting constructor. Consider adding the 'required' modifier or declaring the property as nullable. [E:\STUDY\CSW306 - Back End\AcademicAppoinment\AcademicAppoinment.csproj]
E:\STUDY\CSW306 - Back End\AcademicAppoinment\DTOs\AppointmentDetailResponse.cs.cs(16,29): warning CS8618: Non-nullable property 'Slot' must contain a non-null value when exiting constructor. Consider adding the 'required' modifier or declaring the property as nullable. [E:\STUDY\CSW306 - Back End\AcademicAppoinment\AcademicAppoinment.csproj]
E:\STUDY\CSW306 - Back End\AcademicAppoinment\DTOs\CreateAppointmentRequest.cs(12,23): warning CS8618: Non-nullable property 'Topic' must contain a non-null value when exiting constructor. Consider adding the 'required' modifier or declaring the property as nullable. [E:\STUDY\CSW306 - Back End\AcademicAppoinment\AcademicAppoinment.csproj]
E:\STUDY\CSW306 - Back End\AcademicAppoinment\DTOs\CancelAppointmentRequest.cs(9,23): warning CS8618: Non-nullable property 'Reason' must contain a non-null value when exiting constructor. Consider adding the 'required' modifier or declaring the property as nullable. [E:\STUDY\CSW306 - Back End\AcademicAppoinment\AcademicAppoinment.csproj]
E:\STUDY\CSW306 - Back End\AcademicAppoinment\DTOs\AppointmentDetailResponse.cs.cs(46,23): warning CS8618: Non-nullable property 'MeetingType' must contain a non-null value when exiting constructor. Consider adding the 'required' modifier or declaring the property as nullable. [E:\STUDY\CSW306 - Back End\AcademicAppoinment\AcademicAppoinment.csproj]
E:\STUDY\CSW306 - Back End\AcademicAppoinment\Models\User.cs(22,23): warning CS8618: Non-nullable property 'EmailAddress' must contain a non-null value when exiting constructor. Consider adding the 'required' modifier or declaring the property as nullable. [E:\STUDY\CSW306 - Back End\AcademicAppoinment\AcademicAppoinment.csproj]
E:\STUDY\CSW306 - Back End\AcademicAppoinment\Models\User.cs(25,23): warning CS8618: Non-nullable property 'FullName' must contain a non-null value when exiting constructor. Consider adding the 'required' modifier or declaring the property as nullable. [E:\STUDY\CSW306 - Back End\AcademicAppoinment\AcademicAppoinment.csproj]
E:\STUDY\CSW306 - Back End\AcademicAppoinment\DTOs\AppointmentDetailResponse.cs.cs(33,23): warning CS8618: Non-nullable property 'LecturerCode' must contain a non-null value when exiting constructor. Consider adding the 'required' modifier or declaring the property as nullable. [E:\STUDY\CSW306 - Back End\AcademicAppoinment\AcademicAppoinment.csproj]
E:\STUDY\CSW306 - Back End\AcademicAppoinment\DTOs\AppointmentDetailResponse.cs.cs(34,23): warning CS8618: Non-nullable property 'FullName' must contain a non-null value when exiting constructor. Consider adding the 'required' modifier or declaring the property as nullable. [E:\STUDY\CSW306 - Back End\AcademicAppoinment\AcademicAppoinment.csproj]
E:\STUDY\CSW306 - Back End\AcademicAppoinment\DTOs\AppointmentDetailResponse.cs.cs(35,23): warning CS8618: Non-nullable property 'EmailAddress' must contain a non-null value when exiting constructor. Consider adding the 'required' modifier or declaring the property as nullable. [E:\STUDY\CSW306 - Back End\AcademicAppoinment\AcademicAppoinment.csproj]
E:\STUDY\CSW306 - Back End\AcademicAppoinment\Models\StudentProgress.cs(13,23): warning CS8618: Non-nullable property 'FileName' must contain a non-null value when exiting constructor. Consider adding the 'required' modifier or declaring the property as nullable. [E:\STUDY\CSW306 - Back End\AcademicAppoinment\AcademicAppoinment.csproj]
E:\STUDY\CSW306 - Back End\AcademicAppoinment\Models\StudentProgress.cs(17,23): warning CS8618: Non-nullable property 'FilePath' must contain a non-null value when exiting constructor. Consider adding the 'required' modifier or declaring the property as nullable. [E:\STUDY\CSW306 - Back End\AcademicAppoinment\AcademicAppoinment.csproj]
E:\STUDY\CSW306 - Back End\AcademicAppoinment\DTOs\AppointmentDetailResponse.cs.cs(22,23): warning CS8618: Non-nullable property 'StudentCode' must contain a non-null value when exiting constructor. Consider adding the 'required' modifier or declaring the property as nullable. [E:\STUDY\CSW306 - Back End\AcademicAppoinment\AcademicAppoinment.csproj]
E:\STUDY\CSW306 - Back End\AcademicAppoinment\DTOs\AppointmentDetailResponse.cs.cs(23,23): warning CS8618: Non-nullable property 'FullName' must contain a non-null value when exiting constructor. Consider adding the 'required' modifier or declaring the property as nullable. [E:\STUDY\CSW306 - Back End\AcademicAppoinment\AcademicAppoinment.csproj]
E:\STUDY\CSW306 - Back End\AcademicAppoinment\DTOs\AppointmentDetailResponse.cs.cs(24,23): warning CS8618: Non-nullable property 'EmailAddress' must contain a non-null value when exiting constructor. Consider adding the 'required' modifier or declaring the property as nullable. [E:\STUDY\CSW306 - Back End\AcademicAppoinment\AcademicAppoinment.csproj]
E:\STUDY\CSW306 - Back End\AcademicAppoinment\Services\Lecturer\LecturerService.cs(21,42): warning CS8602: Dereference of a possibly null reference. [E:\STUDY\CSW306 - Back End\AcademicAppoinment\AcademicAppoinment.csproj]
E:\STUDY\CSW306 - Back End\AcademicAppoinment\Controllers\AppoinmentController.cs(88,34): warning CS8602: Dereference of a possibly null reference. [E:\STUDY\CSW306 - Back End\AcademicAppoinment\AcademicAppoinment.csproj]
E:\STUDY\CSW306 - Back End\AcademicAppoinment\Controllers\AppoinmentController.cs(89,30): warning CS8602: Dereference of a possibly null reference. [E:\STUDY\CSW306 - Back End\AcademicAppoinment\AcademicAppoinment.csproj]
E:\STUDY\CSW306 - Back End\AcademicAppoinment\Services\Appoiment\AppointmentService.cs(32,43): warning CS8602: Dereference of a possibly null reference. [E:\STUDY\CSW306 - Back End\AcademicAppoinment\AcademicAppoinment.csproj]
E:\STUDY\CSW306 - Back End\AcademicAppoinment\Services\Appoiment\AppointmentService.cs(34,43): warning CS8602: Dereference of a possibly null reference. [E:\STUDY\CSW306 - Back End\AcademicAppoinment\AcademicAppoinment.csproj]
E:\STUDY\CSW306 - Back End\AcademicAppoinment\Services\Appoiment\AppointmentService.cs(54,43): warning CS8602: Dereference of a possibly null reference. [E:\STUDY\CSW306 - Back End\AcademicAppoinment\AcademicAppoinment.csproj]
E:\STUDY\CSW306 - Back End\AcademicAppoinment\Services\Appoiment\AppointmentService.cs(56,43): warning CS8602: Dereference of a possibly null reference. [E:\STUDY\CSW306 - Back End\AcademicAppoinment\AcademicAppoinment.csproj]
E:\STUDY\CSW306 - Back End\AcademicAppoinment\Controllers\AppoinmentController.cs(122,33): warning CS8602: Dereference of a possibly null reference. [E:\STUDY\CSW306 - Back End\AcademicAppoinment\AcademicAppoinment.csproj]
E:\STUDY\CSW306 - Back End\AcademicAppoinment\Controllers\AppoinmentController.cs(123,35): warning CS8601: Possible null reference assignment. [E:\STUDY\CSW306 - Back End\AcademicAppoinment\AcademicAppoinment.csproj]
E:\STUDY\CSW306 - Back End\AcademicAppoinment\Controllers\AppoinmentController.cs(124,32): warning CS8602: Dereference of a possibly null reference. [E:\STUDY\CSW306 - Back End\AcademicAppoinment\AcademicAppoinment.csproj]
E:\STUDY\CSW306 - Back End\AcademicAppoinment\Controllers\AppoinmentController.cs(133,34): warning CS8602: Dereference of a possibly null reference. [E:\STUDY\CSW306 - Back End\AcademicAppoinment\AcademicAppoinment.csproj]
E:\STUDY\CSW306 - Back End\AcademicAppoinment\Controllers\AppoinmentController.cs(134,36): warning CS8601: Possible null reference assignment. [E:\STUDY\CSW306 - Back End\AcademicAppoinment\AcademicAppoinment.csproj]
E:\STUDY\CSW306 - Back End\AcademicAppoinment\Controllers\AppoinmentController.cs(135,32): warning CS8602: Dereference of a possibly null reference. [E:\STUDY\CSW306 - Back End\AcademicAppoinment\AcademicAppoinment.csproj]
E:\STUDY\CSW306 - Back End\AcademicAppoinment\Controllers\AppoinmentController.cs(144,42): warning CS8602: Dereference of a possibly null reference. [E:\STUDY\CSW306 - Back End\AcademicAppoinment\AcademicAppoinment.csproj]
E:\STUDY\CSW306 - Back End\AcademicAppoinment\Services\Appoiment\AppointmentService.cs(87,27): warning CS8602: Dereference of a possibly null reference. [E:\STUDY\CSW306 - Back End\AcademicAppoinment\AcademicAppoinment.csproj]
E:\STUDY\CSW306 - Back End\AcademicAppoinment\Services\Appoiment\AppointmentService.cs(120,60): warning CS8602: Dereference of a possibly null reference. [E:\STUDY\CSW306 - Back End\AcademicAppoinment\AcademicAppoinment.csproj]
E:\STUDY\CSW306 - Back End\AcademicAppoinment\Services\Appoiment\AppointmentService.cs(121,59): warning CS8602: Dereference of a possibly null reference. [E:\STUDY\CSW306 - Back End\AcademicAppoinment\AcademicAppoinment.csproj]
E:\STUDY\CSW306 - Back End\AcademicAppoinment\Controllers\AuthController.cs(117,30): warning CS0168: The variable 'ex' is declared but never used [E:\STUDY\CSW306 - Back End\AcademicAppoinment\AcademicAppoinment.csproj]
E:\STUDY\CSW306 - Back End\AcademicAppoinment\Controllers\AuthController.cs(138,71): warning CS8604: Possible null reference argument for parameter 's' in 'byte[] Encoding.GetBytes(string s)'. [E:\STUDY\CSW306 - Back End\AcademicAppoinment\AcademicAppoinment.csproj]
  AcademicAppoinment -> E:\STUDY\CSW306 - Back End\AcademicAppoinment\bin\Debug\net8.0\AcademicAppoinment.dll

Build succeeded.

E:\STUDY\CSW306 - Back End\AcademicAppoinment\Models\AppDbContext.cs(2,7): warning CS0105: The using directive for 'Microsoft.EntityFrameworkCore' appeared previously in this namespace [E:\STUDY\CSW306 - Back End\AcademicAppoinment\AcademicAppoinment.csproj]
E:\STUDY\CSW306 - Back End\AcademicAppoinment\DTOs\RegisterRequest.cs(13,23): warning CS8618: Non-nullable property 'AccountName' must contain a non-null value when exiting constructor. Consider adding the 'required' modifier or declaring the property as nullable. [E:\STUDY\CSW306 - Back End\AcademicAppoinment\AcademicAppoinment.csproj]
E:\STUDY\CSW306 - Back End\AcademicAppoinment\DTOs\RegisterRequest.cs(17,23): warning CS8618: Non-nullable property 'Password' must contain a non-null value when exiting constructor. Consider adding the 'required' modifier or declaring the property as nullable. [E:\STUDY\CSW306 - Back End\AcademicAppoinment\AcademicAppoinment.csproj]
E:\STUDY\CSW306 - Back End\AcademicAppoinment\DTOs\RegisterRequest.cs(21,23): warning CS8618: Non-nullable property 'Email' must contain a non-null value when exiting constructor. Consider adding the 'required' modifier or declaring the property as nullable. [E:\STUDY\CSW306 - Back End\AcademicAppoinment\AcademicAppoinment.csproj]
E:\STUDY\CSW306 - Back End\AcademicAppoinment\DTOs\RegisterRequest.cs(23,23): warning CS8618: Non-nullable property 'FullName' must contain a non-null value when exiting constructor. Consider adding the 'required' modifier or declaring the property as nullable. [E:\STUDY\CSW306 - Back End\AcademicAppoinment\AcademicAppoinment.csproj]
E:\STUDY\CSW306 - Back End\AcademicAppoinment\DTOs\LoginRequest.cs(5,23): warning CS8618: Non-nullable property 'AccountName' must contain a non-null value when exiting constructor. Consider adding the 'required' modifier or declaring the property as nullable. [E:\STUDY\CSW306 - Back End\AcademicAppoinment\AcademicAppoinment.csproj]
E:\STUDY\CSW306 - Back End\AcademicAppoinment\DTOs\LoginRequest.cs(6,23): warning CS8618: Non-nullable property 'Password' must contain a non-null value when exiting constructor. Consider adding the 'required' modifier or declaring the property as nullable. [E:\STUDY\CSW306 - Back End\AcademicAppoinment\AcademicAppoinment.csproj]
E:\STUDY\CSW306 - Back End\AcademicAppoinment\DTOs\AppointmentDetailResponse.cs.cs(6,23): warning CS8618: Non-nullable property 'Topic' must contain a non-null value when exiting constructor. Consider adding the 'required' modifier or declaring the property as nullable. [E:\STUDY\CSW306 - Back End\AcademicAppoinment\AcademicAppoinment.csproj]
E:\STUDY\CSW306 - Back End\AcademicAppoinment\DTOs\AppointmentDetailResponse.cs.cs(8,23): warning CS8618: Non-nullable property 'Status' must contain a non-null value when exiting constructor. Consider adding the 'required' modifier or declaring the property as nullable. [E:\STUDY\CSW306 - Back End\AcademicAppoinment\AcademicAppoinment.csproj]
E:\STUDY\CSW306 - Back End\AcademicAppoinment\DTOs\AppointmentDetailResponse.cs.cs(14,32): warning CS8618: Non-nullable property 'Student' must contain a non-null value when exiting constructor. Consider adding the 'required' modifier or declaring the property as nullable. [E:\STUDY\CSW306 - Back End\AcademicAppoinment\AcademicAppoinment.csproj]
E:\STUDY\CSW306 - Back End\AcademicAppoinment\DTOs\AppointmentDetailResponse.cs.cs(15,36): warning CS8618: Non-nullable property 'Lecturer' must contain a non-null value when exiting constructor. Consider adding the 'required' modifier or declaring the property as nullable. [E:\STUDY\CSW306 - Back End\AcademicAppoinment\AcademicAppoinment.csproj]
E:\STUDY\CSW306 - Back End\AcademicAppoinment\DTOs\AppointmentDetailResponse.cs.cs(16,29): warning CS8618: Non-nullable property 'Slot' must contain a non-null value when exiting constructor. Consider adding the 'required' modifier or declaring the property as nullable. [E:\STUDY\CSW306 - Back End\AcademicAppoinment\AcademicAppoinment.csproj]
E:\STUDY\CSW306 - Back End\AcademicAppoinment\DTOs\CreateAppointmentRequest.cs(12,23): warning CS8618: Non-nullable property 'Topic' must contain a non-null value when exiting constructor. Consider adding the 'required' modifier or declaring the property as nullable. [E:\STUDY\CSW306 - Back End\AcademicAppoinment\AcademicAppoinment.csproj]
E:\STUDY\CSW306 - Back End\AcademicAppoinment\DTOs\CancelAppointmentRequest.cs(9,23): warning CS8618: Non-nullable property 'Reason' must contain a non-null value when exiting constructor. Consider adding the 'required' modifier or declaring the property as nullable. [E:\STUDY\CSW306 - Back End\AcademicAppoinment\AcademicAppoinment.csproj]
E:\STUDY\CSW306 - Back End\AcademicAppoinment\DTOs\AppointmentDetailResponse.cs.cs(46,23): warning CS8618: Non-nullable property 'MeetingType' must contain a non-null value when exiting constructor. Consider adding the 'required' modifier or declaring the property as nullable. [E:\STUDY\CSW306 - Back End\AcademicAppoinment\AcademicAppoinment.csproj]
E:\STUDY\CSW306 - Back End\AcademicAppoinment\Models\User.cs(22,23): warning CS8618: Non-nullable property 'EmailAddress' must contain a non-null value when exiting constructor. Consider adding the 'required' modifier or declaring the property as nullable. [E:\STUDY\CSW306 - Back End\AcademicAppoinment\AcademicAppoinment.csproj]
E:\STUDY\CSW306 - Back End\AcademicAppoinment\Models\User.cs(25,23): warning CS8618: Non-nullable property 'FullName' must contain a non-null value when exiting constructor. Consider adding the 'required' modifier or declaring the property as nullable. [E:\STUDY\CSW306 - Back End\AcademicAppoinment\AcademicAppoinment.csproj]
E:\STUDY\CSW306 - Back End\AcademicAppoinment\DTOs\AppointmentDetailResponse.cs.cs(33,23): warning CS8618: Non-nullable property 'LecturerCode' must contain a non-null value when exiting constructor. Consider adding the 'required' modifier or declaring the property as nullable. [E:\STUDY\CSW306 - Back End\AcademicAppoinment\AcademicAppoinment.csproj]
E:\STUDY\CSW306 - Back End\AcademicAppoinment\DTOs\AppointmentDetailResponse.cs.cs(34,23): warning CS8618: Non-nullable property 'FullName' must contain a non-null value when exiting constructor. Consider adding the 'required' modifier or declaring the property as nullable. [E:\STUDY\CSW306 - Back End\AcademicAppoinment\AcademicAppoinment.csproj]
E:\STUDY\CSW306 - Back End\AcademicAppoinment\DTOs\AppointmentDetailResponse.cs.cs(35,23): warning CS8618: Non-nullable property 'EmailAddress' must contain a non-null value when exiting constructor. Consider adding the 'required' modifier or declaring the property as nullable. [E:\STUDY\CSW306 - Back End\AcademicAppoinment\AcademicAppoinment.csproj]
E:\STUDY\CSW306 - Back End\AcademicAppoinment\Models\StudentProgress.cs(13,23): warning CS8618: Non-nullable property 'FileName' must contain a non-null value when exiting constructor. Consider adding the 'required' modifier or declaring the property as nullable. [E:\STUDY\CSW306 - Back End\AcademicAppoinment\AcademicAppoinment.csproj]
E:\STUDY\CSW306 - Back End\AcademicAppoinment\Models\StudentProgress.cs(17,23): warning CS8618: Non-nullable property 'FilePath' must contain a non-null value when exiting constructor. Consider adding the 'required' modifier or declaring the property as nullable. [E:\STUDY\CSW306 - Back End\AcademicAppoinment\AcademicAppoinment.csproj]
E:\STUDY\CSW306 - Back End\AcademicAppoinment\DTOs\AppointmentDetailResponse.cs.cs(22,23): warning CS8618: Non-nullable property 'StudentCode' must contain a non-null value when exiting constructor. Consider adding the 'required' modifier or declaring the property as nullable. [E:\STUDY\CSW306 - Back End\AcademicAppoinment\AcademicAppoinment.csproj]
E:\STUDY\CSW306 - Back End\AcademicAppoinment\DTOs\AppointmentDetailResponse.cs.cs(23,23): warning CS8618: Non-nullable property 'FullName' must contain a non-null value when exiting constructor. Consider adding the 'required' modifier or declaring the property as nullable. [E:\STUDY\CSW306 - Back End\AcademicAppoinment\AcademicAppoinment.csproj]
E:\STUDY\CSW306 - Back End\AcademicAppoinment\DTOs\AppointmentDetailResponse.cs.cs(24,23): warning CS8618: Non-nullable property 'EmailAddress' must contain a non-null value when exiting constructor. Consider adding the 'required' modifier or declaring the property as nullable. [E:\STUDY\CSW306 - Back End\AcademicAppoinment\AcademicAppoinment.csproj]
E:\STUDY\CSW306 - Back End\AcademicAppoinment\Services\Lecturer\LecturerService.cs(21,42): warning CS8602: Dereference of a possibly null reference. [E:\STUDY\CSW306 - Back End\AcademicAppoinment\AcademicAppoinment.csproj]
E:\STUDY\CSW306 - Back End\AcademicAppoinment\Controllers\AppoinmentController.cs(88,34): warning CS8602: Dereference of a possibly null reference. [E:\STUDY\CSW306 - Back End\AcademicAppoinment\AcademicAppoinment.csproj]
E:\STUDY\CSW306 - Back End\AcademicAppoinment\Controllers\AppoinmentController.cs(89,30): warning CS8602: Dereference of a possibly null reference. [E:\STUDY\CSW306 - Back End\AcademicAppoinment\AcademicAppoinment.csproj]
E:\STUDY\CSW306 - Back End\AcademicAppoinment\Services\Appoiment\AppointmentService.cs(32,43): warning CS8602: Dereference of a possibly null reference. [E:\STUDY\CSW306 - Back End\AcademicAppoinment\AcademicAppoinment.csproj]
E:\STUDY\CSW306 - Back End\AcademicAppoinment\Services\Appoiment\AppointmentService.cs(34,43): warning CS8602: Dereference of a possibly null reference. [E:\STUDY\CSW306 - Back End\AcademicAppoinment\AcademicAppoinment.csproj]
E:\STUDY\CSW306 - Back End\AcademicAppoinment\Services\Appoiment\AppointmentService.cs(54,43): warning CS8602: Dereference of a possibly null reference. [E:\STUDY\CSW306 - Back End\AcademicAppoinment\AcademicAppoinment.csproj]
E:\STUDY\CSW306 - Back End\AcademicAppoinment\Services\Appoiment\AppointmentService.cs(56,43): warning CS8602: Dereference of a possibly null reference. [E:\STUDY\CSW306 - Back End\AcademicAppoinment\AcademicAppoinment.csproj]
E:\STUDY\CSW306 - Back End\AcademicAppoinment\Controllers\AppoinmentController.cs(122,33): warning CS8602: Dereference of a possibly null reference. [E:\STUDY\CSW306 - Back End\AcademicAppoinment\AcademicAppoinment.csproj]
E:\STUDY\CSW306 - Back End\AcademicAppoinment\Controllers\AppoinmentController.cs(123,35): warning CS8601: Possible null reference assignment. [E:\STUDY\CSW306 - Back End\AcademicAppoinment\AcademicAppoinment.csproj]
E:\STUDY\CSW306 - Back End\AcademicAppoinment\Controllers\AppoinmentController.cs(124,32): warning CS8602: Dereference of a possibly null reference. [E:\STUDY\CSW306 - Back End\AcademicAppoinment\AcademicAppoinment.csproj]
E:\STUDY\CSW306 - Back End\AcademicAppoinment\Controllers\AppoinmentController.cs(133,34): warning CS8602: Dereference of a possibly null reference. [E:\STUDY\CSW306 - Back End\AcademicAppoinment\AcademicAppoinment.csproj]
E:\STUDY\CSW306 - Back End\AcademicAppoinment\Controllers\AppoinmentController.cs(134,36): warning CS8601: Possible null reference assignment. [E:\STUDY\CSW306 - Back End\AcademicAppoinment\AcademicAppoinment.csproj]
E:\STUDY\CSW306 - Back End\AcademicAppoinment\Controllers\AppoinmentController.cs(135,32): warning CS8602: Dereference of a possibly null reference. [E:\STUDY\CSW306 - Back End\AcademicAppoinment\AcademicAppoinment.csproj]
E:\STUDY\CSW306 - Back End\AcademicAppoinment\Controllers\AppoinmentController.cs(144,42): warning CS8602: Dereference of a possibly null reference. [E:\STUDY\CSW306 - Back End\AcademicAppoinment\AcademicAppoinment.csproj]
E:\STUDY\CSW306 - Back End\AcademicAppoinment\Services\Appoiment\AppointmentService.cs(87,27): warning CS8602: Dereference of a possibly null reference. [E:\STUDY\CSW306 - Back End\AcademicAppoinment\AcademicAppoinment.csproj]
E:\STUDY\CSW306 - Back End\AcademicAppoinment\Services\Appoiment\AppointmentService.cs(120,60): warning CS8602: Dereference of a possibly null reference. [E:\STUDY\CSW306 - Back End\AcademicAppoinment\AcademicAppoinment.csproj]
E:\STUDY\CSW306 - Back End\AcademicAppoinment\Services\Appoiment\AppointmentService.cs(121,59): warning CS8602: Dereference of a possibly null reference. [E:\STUDY\CSW306 - Back End\AcademicAppoinment\AcademicAppoinment.csproj]
E:\STUDY\CSW306 - Back End\AcademicAppoinment\Controllers\AuthController.cs(117,30): warning CS0168: The variable 'ex' is declared but never used [E:\STUDY\CSW306 - Back End\AcademicAppoinment\AcademicAppoinment.csproj]
E:\STUDY\CSW306 - Back End\AcademicAppoinment\Controllers\AuthController.cs(138,71): warning CS8604: Possible null reference argument for parameter 's' in 'byte[] Encoding.GetBytes(string s)'. [E:\STUDY\CSW306 - Back End\AcademicAppoinment\AcademicAppoinment.csproj]
    44 Warning(s)
    0 Error(s)

Time Elapsed 00:00:01.62
